main.c:101:5:main	8	static
main.c:166:6:SystemClock_Config	88	static
main.c:210:13:MX_TIM1_Init	56	static
main.c:279:13:MX_TIM3_Init	24	static
main.c:330:13:MX_USART2_UART_Init	8	static
main.c:361:13:MX_DMA_Init	16	static
main.c:379:13:MX_GPIO_Init	48	static
main.c:408:1:__io_putchar	16	static
main.c:417:6:HAL_UART_RxCpltCallback	16	static
main.c:470:6:application_handling	72	static
main.c:522:6:process_keystroke	8	static
main.c:547:13:pump_duty_cycle	16	static
main.c:557:13:heater_duty_cycle	16	static
main.c:573:6:Error_Handler	4	static
