main.c:98:5:main	8	static
main.c:163:6:SystemClock_Config	88	static
main.c:207:13:MX_TIM1_Init	56	static
main.c:276:13:MX_TIM3_Init	24	static
main.c:444:13:MX_USART2_UART_Init	8	static
main.c:475:13:MX_DMA_Init	16	static
main.c:493:13:MX_GPIO_Init	48	static
main.c:522:1:__io_putchar	16	static
main.c:531:6:HAL_UART_RxCpltCallback	16	static
main.c:584:6:application_handling	16	static
main.c:609:6:process_keystroke	8	static
main.c:634:13:set_pulse_duty_cycle	24	static
main.c:652:6:Error_Handler	4	static
